Traceback (most recent call last):
  File "/home/c-nmeist/assignment2-systems/cs336_systems/pytorch_attention.py", line 129, in <module>
    logits = forward_pass()
  File "/home/c-nmeist/assignment2-systems/cs336_systems/pytorch_attention.py", line 112, in forward_pass
    logits = model.forward(data_x)
  File "/home/c-nmeist/assignment2-systems/cs336-basics/cs336_basics/model.py", line 251, in forward
    x = layer(x)
  File "/home/c-nmeist/assignment2-systems/.venv/lib/python3.13/site-packages/torch/nn/modules/module.py", line 1739, in _wrapped_call_impl
    return self._call_impl(*args, **kwargs)
           ~~~~~~~~~~~~~~~^^^^^^^^^^^^^^^^^
  File "/home/c-nmeist/assignment2-systems/.venv/lib/python3.13/site-packages/torch/nn/modules/module.py", line 1750, in _call_impl
    return forward_call(*args, **kwargs)
  File "/home/c-nmeist/assignment2-systems/cs336-basics/cs336_basics/model.py", line 384, in forward
    x_attn = self.attn(self.ln1(x))
  File "/home/c-nmeist/assignment2-systems/.venv/lib/python3.13/site-packages/torch/nn/modules/module.py", line 1739, in _wrapped_call_impl
    return self._call_impl(*args, **kwargs)
           ~~~~~~~~~~~~~~~^^^^^^^^^^^^^^^^^
  File "/home/c-nmeist/assignment2-systems/.venv/lib/python3.13/site-packages/torch/nn/modules/module.py", line 1750, in _call_impl
    return forward_call(*args, **kwargs)
  File "/home/c-nmeist/assignment2-systems/cs336-basics/cs336_basics/model.py", line 563, in forward
    attn_output = scaled_dot_product_attention(K=K, Q=Q, V=V, mask=causal_mask)
  File "/home/c-nmeist/assignment2-systems/cs336-basics/cs336_basics/model.py", line 477, in scaled_dot_product_attention
    attention_weights = softmax(attention_scores, dim=-1)  # Softmax over the key dimension
  File "/home/c-nmeist/assignment2-systems/cs336-basics/cs336_basics/nn_utils.py", line 7, in softmax
    return exponentiated_rescaled_input / torch.sum(exponentiated_rescaled_input, dim=dim, keepdim=True)
           ~~~~~~~~~~~~~~~~~~~~~~~~~~~~~^~~~~~~~~~~~~~~~~~~~~~~~~~~~~~~~~~~~~~~~~~~~~~~~~~~~~~~~~~~~~~~~
torch.OutOfMemoryError: CUDA out of memory. Tried to allocate 8.00 GiB. GPU 0 has a total capacity of 79.19 GiB of which 6.14 GiB is free. Including non-PyTorch memory, this process has 73.04 GiB memory in use. Of the allocated memory 72.01 GiB is allocated by PyTorch, and 385.72 MiB is reserved by PyTorch but unallocated. If reserved but unallocated memory is large try setting PYTORCH_CUDA_ALLOC_CONF=expandable_segments:True to avoid fragmentation.  See documentation for Memory Management  (https://pytorch.org/docs/stable/notes/cuda.html#environment-variables)
